// Jest Snapshot v1, https://goo.gl/fbAQLP

exports[`App Component tests... renders and matches the snapshot 1`] = `
<div>
  <JobDetail
    data={
      Object {
        "branch": "Tacoma",
        "branchPhoneNumber": "253",
        "company": Object {
          "address": "123 Main Street, Tacoma, WA 98409",
          "logo": "https://static.wixstatic.com/media/dc0d61_854a54df0f1049bcbb20e2f9a64236eb.png/v1/fill/w_112,h_112,al_c,usm_0.66_1.00_0.01/dc0d61_854a54df0f1049bcbb20e2f9a64236eb.png",
          "name": "C.D. Barnes and Associates",
          "reportTo": "Joe Blogs",
        },
        "jobId": "5775d8e18a488e6c5bb08c13",
        "shifts": Array [
          Object {
            "endDate": "2016-09-05T05: 00: 00Z",
            "startDate": "2016-09-04T21: 00: 00Z",
          },
          Object {
            "endDate": "2016-09-06T05: 00: 00Z",
            "startDate": "2016-09-05T21: 00: 00Z",
          },
          Object {
            "endDate": "2016-09-07T05: 00: 00Z",
            "startDate": "2016-09-06T21: 00: 00Z",
          },
          Object {
            "endDate": "2016-09-08T05: 00: 00Z",
            "startDate": "2016-09-07T21: 00: 00Z",
          },
          Object {
            "endDate": "2016-09-09T05: 00: 00Z",
            "startDate": "2016-09-08T21: 00: 00Z",
          },
          Object {
            "endDate": "2016-09-12T05: 00: 00Z",
            "startDate": "2016-09-11T21: 00: 00Z",
          },
          Object {
            "endDate": "2016-09-13T05: 00: 00Z",
            "startDate": "2016-09-12T21: 00: 00Z",
          },
          Object {
            "endDate": "2016-09-14T05: 00: 00Z",
            "startDate": "2016-09-13T21: 00: 00Z",
          },
          Object {
            "endDate": "2016-09-15T05: 00: 00Z",
            "startDate": "2016-09-14T21: 00: 00Z",
          },
          Object {
            "endDate": "2016-09-16T05: 00: 00Z",
            "startDate": "2016-09-15T21: 00: 00Z",
          },
        ],
        "title": "Construction and Releated Workers - General",
        "wagePerHourInCents": 850,
      }
    }
  />
</div>
`;
